// Vitest Snapshot v1, https://vitest.dev/guide/snapshot.html

exports[`project > locates the sst project as expected 1`] = `
{
  "config": {
    "stage": "test",
  },
  "paths": {
    "config": "/Users/alistairstead/code/sst-diff-action/__tests__/test/sst.config.js",
    "dist": "/Users/alistairstead/code/sst-diff-action/__tests__/test/.sst/dist",
    "out": "/Users/alistairstead/code/sst-diff-action/__tests__/test/.sst",
  },
}
`;
